// Jest Snapshot v1, https://goo.gl/fbAQLP

exports[`Header match snapshot 1`] = `
<Styled(PageHeader)
  subTitle={
    <React.Fragment>
      <Memo(Connect(withRouter(SearchContainer))) />
      <Memo(Connect(UserbarContainer)) />
    </React.Fragment>
  }
  title={
    <NavLink
      to="/"
    >
      TestShop
    </NavLink>
  }
/>
`;
